# ----------------------------------------------- MASS BALANCE -----------------------------------------------
# Time: 0


# Mass flux through boundary [M/T]:
# [boundary_id] [label]                  [substance]   [total flux]  [outward flux][inward flux] 
# -------------------------------------------------------------------------------------------------------------
  8             .1d_channel              water_volume  2.25456e-05   2.25456e-05   0             
  6             .2d_fracture_1           water_volume  -2.48261e-05  1.05424       -1.05426      
  7             .2d_fracture_2           water_volume  -3.31141e-06  1.05426       -1.05427      
  5             .3d_cube                 water_volume  5.59192e-06   0.102171      -0.102165     
# -------------------------------------------------------------------------------------------------------------
# Total mass flux of substance [M/T]     water_volume  -2.08331e-12  2.21069       -2.21069      


# Mass [M] and sources [M/T] on regions:
# [region_id]   [label]                  [substance]   [total_mass]  [total_source]
# -------------------------------------------------------------------------------------------------------------
  1             1d_channel               water_volume  0             0             
  2             2d_fracture_1            water_volume  0             0             
  3             2d_fracture_2            water_volume  0             0             
  4             3d_cube                  water_volume  0             0             
# -------------------------------------------------------------------------------------------------------------
# Total mass [M] and sources [M/T]       water_volume  0             0             


