# ---------------------------------------- WATER BALANCE ----------------------------------------
# Time of computed water balance: inf


# Boundary water balance:
# [boundary_id] [label]                  [total_balance][total_outflow][total_inflow][time]        
# -----------------------------------------------------------------------------------------------
  3             .2d_fraction               -3.59699e-09  0             -3.59699e-09  inf           
  4             .3d_cube                   -2            7.8299e-08    -2            inf           
# -----------------------------------------------------------------------------------------------
# total boundary balance                   -2            7.8299e-08    -2            


# Source fluxes over material subdomains:
# [region_id]   [label]                  [total_balance]                            [time]        
# -----------------------------------------------------------------------------------------------
  1             2d_fraction                -2                                        inf           
  2             3d_cube                    0                                         inf           
# -----------------------------------------------------------------------------------------------
# total sources balance                    -2            


