# ----------------------------------------------- MASS BALANCE -----------------------------------------------
# Time: 0


# Mass flux through boundary [M/T]:
# [boundary_id] [label]                  [substance]   [total flux]  [outward flux][inward flux] 
# -------------------------------------------------------------------------------------------------------------
  2             .bc_south                water_volume  0.499997      0.499997      0             
  3             .bc_east                 water_volume  -0.499998     0             -0.499998     
  4             .bc_north                water_volume  -0.500001     0             -0.500001     
  5             .bc_west                 water_volume  0.500002      0.500002      0             
# -------------------------------------------------------------------------------------------------------------
# Total mass flux of substance [M/T]     water_volume  -1.35944e-08  0.999999      -0.999999     


# Mass [M] and sources [M/T] on regions:
# [region_id]   [label]                  [substance]   [total_mass]  [total_source]
# -------------------------------------------------------------------------------------------------------------
  1             plane                    water_volume  0             0             
# -------------------------------------------------------------------------------------------------------------
# Total mass [M] and sources [M/T]       water_volume  0             0             


