# ---------------------------------------- WATER BALANCE ----------------------------------------
# Time of computed water balance: 0.000000


# Boundary water balance:
# [boundary_id] [label]                  [total_balance][total_outflow][total_inflow][time]        
# -----------------------------------------------------------------------------------------------
  4             .1d                        29.1088       29.1088       0             0             
  3             .2d_bottom_top             -39.4171      0             -39.4171      0             
  -3            IMPLICIT BOUNDARY          1.44969e-08   2.4659e-08    -1.01621e-08  0             
# -----------------------------------------------------------------------------------------------
# total boundary balance                   -10.3083      29.1088       -39.4171      


# Source fluxes over material subdomains:
# [region_id]   [label]                  [total_balance]                            [time]        
# -----------------------------------------------------------------------------------------------
  1             1d                         0                                         0             
  2             2d                         0                                         0             
# -----------------------------------------------------------------------------------------------
# total sources balance                    0             


