********************************
Boundary fluxes at time inf:
[total balance]    [total outflow]     [total inflow]
boundary id:-3 label:'IMPLICIT BOUNDARY'	-2.40086e-11	2.2107	-2.2107
