# ---------------------------------------- WATER BALANCE ----------------------------------------
# Time of computed water balance: inf


# Boundary water balance:
# [boundary_id] [label]                  [total_balance][total_outflow][total_inflow][time]        
# -----------------------------------------------------------------------------------------------
  2             .bc_south                  0.5           0.5           0             inf           
  3             .bc_east                   -0.500001     0             -0.500001     inf           
  4             .bc_north                  -0.5          0             -0.5          inf           
  5             .bc_west                   0.499999      0.499999      0             inf           
# -----------------------------------------------------------------------------------------------
# total boundary balance                   -1.72446e-06  0.999999      -1            


# Source fluxes over material subdomains:
# [region_id]   [label]                  [total_balance]                            [time]        
# -----------------------------------------------------------------------------------------------
  1             plane                      0                                         inf           
# -----------------------------------------------------------------------------------------------
# total sources balance                    0             


