# ---------------------------------------- WATER BALANCE ----------------------------------------
# Time of computed water balance: 0.000000


# Boundary water balance:
# [boundary_id] [label]                  [total_balance][total_outflow][total_inflow][time]        
# -----------------------------------------------------------------------------------------------
  4             .1d                        24.4488       24.4488       0             0             
  3             .2d_bottom_top             -36.4701      0             -36.4701      0             
  -3            IMPLICIT BOUNDARY          -1.14618e-10  3.92494e-09   -4.03956e-09  0             
# -----------------------------------------------------------------------------------------------
# total boundary balance                   -12.0212      24.4488       -36.4701      


# Source fluxes over material subdomains:
# [region_id]   [label]                  [total_balance]                            [time]        
# -----------------------------------------------------------------------------------------------
  1             1d                         0                                         0             
  2             2d                         0                                         0             
# -----------------------------------------------------------------------------------------------
# total sources balance                    0             


