# ---------------------------------------- WATER BALANCE ----------------------------------------
# Time of computed water balance: inf


# Boundary water balance:
# [boundary_id] [label]                  [total_balance][total_outflow][total_inflow][time]        
# -----------------------------------------------------------------------------------------------
  4             .channel                   7.4433e-08    7.4433e-08    0             inf           
  2             .plane                     -50           2.93716e-06   -50           inf           
# -----------------------------------------------------------------------------------------------
# total boundary balance                   -50           3.0116e-06    -50           


# Source fluxes over material subdomains:
# [region_id]   [label]                  [total_balance]                            [time]        
# -----------------------------------------------------------------------------------------------
  3             channel                    -50                                       inf           
  1             plane                      0                                         inf           
# -----------------------------------------------------------------------------------------------
# total sources balance                    -50           


