# ----------------------------------------------- MASS BALANCE -----------------------------------------------
# Time: 0


# Mass flux through boundary [M/T]:
# [boundary_id] [label]                  [substance]   [total flux]  [outward flux][inward flux] 
# -------------------------------------------------------------------------------------------------------------
  4             .1d                      water_volume  37.9279       37.9279       0             
  3             .2d_bottom_top           water_volume  -37.9279      0             -37.9279      
  -3            IMPLICIT BOUNDARY        water_volume  -6.19532e-09  3.18551e-09   -9.38083e-09  
# -------------------------------------------------------------------------------------------------------------
# Total mass flux of substance [M/T]     water_volume  -1.18058e-08  37.9279       -37.9279      


# Mass [M] and sources [M/T] on regions:
# [region_id]   [label]                  [substance]   [total_mass]  [total_source]
# -------------------------------------------------------------------------------------------------------------
  1             1d                       water_volume  0             0             
  2             2d                       water_volume  0             0             
# -------------------------------------------------------------------------------------------------------------
# Total mass [M] and sources [M/T]       water_volume  0             0             


